ARM GAS  C:\Users\LAIR\AppData\Local\Temp\cci1G38e.s 			page 1


   1              		.syntax unified
   2              		.cpu cortex-m3
   3              		.fpu softvfp
   4              		.eabi_attribute 20, 1
   5              		.eabi_attribute 21, 1
   6              		.eabi_attribute 23, 3
   7              		.eabi_attribute 24, 1
   8              		.eabi_attribute 25, 1
   9              		.eabi_attribute 26, 1
  10              		.eabi_attribute 30, 1
  11              		.eabi_attribute 34, 1
  12              		.eabi_attribute 18, 4
  13              		.thumb
  14              		.file	"DVDAC_VDAC8.c"
  15              		.text
  16              	.Ltext0:
  17              		.cfi_sections	.debug_frame
  18              		.section	.text.DVDAC_VDAC8_Enable,"ax",%progbits
  19              		.align	2
  20              		.global	DVDAC_VDAC8_Enable
  21              		.thumb
  22              		.thumb_func
  23              		.type	DVDAC_VDAC8_Enable, %function
  24              	DVDAC_VDAC8_Enable:
  25              	.LFB1:
  26              		.file 1 ".\\Generated_Source\\PSoC5\\DVDAC_VDAC8.c"
   1:.\Generated_Source\PSoC5/DVDAC_VDAC8.c **** /*******************************************************************************
   2:.\Generated_Source\PSoC5/DVDAC_VDAC8.c **** * File Name: DVDAC_VDAC8.c  
   3:.\Generated_Source\PSoC5/DVDAC_VDAC8.c **** * Version 1.90
   4:.\Generated_Source\PSoC5/DVDAC_VDAC8.c **** *
   5:.\Generated_Source\PSoC5/DVDAC_VDAC8.c **** * Description:
   6:.\Generated_Source\PSoC5/DVDAC_VDAC8.c **** *  This file provides the source code to the API for the 8-bit Voltage DAC 
   7:.\Generated_Source\PSoC5/DVDAC_VDAC8.c **** *  (VDAC8) User Module.
   8:.\Generated_Source\PSoC5/DVDAC_VDAC8.c **** *
   9:.\Generated_Source\PSoC5/DVDAC_VDAC8.c **** * Note:
  10:.\Generated_Source\PSoC5/DVDAC_VDAC8.c **** *  Any unusual or non-standard behavior should be noted here. Other-
  11:.\Generated_Source\PSoC5/DVDAC_VDAC8.c **** *  wise, this section should remain blank.
  12:.\Generated_Source\PSoC5/DVDAC_VDAC8.c **** *
  13:.\Generated_Source\PSoC5/DVDAC_VDAC8.c **** ********************************************************************************
  14:.\Generated_Source\PSoC5/DVDAC_VDAC8.c **** * Copyright 2008-2012, Cypress Semiconductor Corporation.  All rights reserved.
  15:.\Generated_Source\PSoC5/DVDAC_VDAC8.c **** * You may use this file only in accordance with the license, terms, conditions, 
  16:.\Generated_Source\PSoC5/DVDAC_VDAC8.c **** * disclaimers, and limitations in the end user license agreement accompanying 
  17:.\Generated_Source\PSoC5/DVDAC_VDAC8.c **** * the software package with which this file was provided.
  18:.\Generated_Source\PSoC5/DVDAC_VDAC8.c **** *******************************************************************************/
  19:.\Generated_Source\PSoC5/DVDAC_VDAC8.c **** 
  20:.\Generated_Source\PSoC5/DVDAC_VDAC8.c **** #include "cytypes.h"
  21:.\Generated_Source\PSoC5/DVDAC_VDAC8.c **** #include "DVDAC_VDAC8.h"
  22:.\Generated_Source\PSoC5/DVDAC_VDAC8.c **** 
  23:.\Generated_Source\PSoC5/DVDAC_VDAC8.c **** #if (CY_PSOC5A)
  24:.\Generated_Source\PSoC5/DVDAC_VDAC8.c **** #include <CyLib.h>
  25:.\Generated_Source\PSoC5/DVDAC_VDAC8.c **** #endif /* CY_PSOC5A */
  26:.\Generated_Source\PSoC5/DVDAC_VDAC8.c **** 
  27:.\Generated_Source\PSoC5/DVDAC_VDAC8.c **** uint8 DVDAC_VDAC8_initVar = 0u;
  28:.\Generated_Source\PSoC5/DVDAC_VDAC8.c **** 
  29:.\Generated_Source\PSoC5/DVDAC_VDAC8.c **** #if (CY_PSOC5A)
  30:.\Generated_Source\PSoC5/DVDAC_VDAC8.c ****     static uint8 DVDAC_VDAC8_restoreVal = 0u;
  31:.\Generated_Source\PSoC5/DVDAC_VDAC8.c **** #endif /* CY_PSOC5A */
ARM GAS  C:\Users\LAIR\AppData\Local\Temp\cci1G38e.s 			page 2


  32:.\Generated_Source\PSoC5/DVDAC_VDAC8.c **** 
  33:.\Generated_Source\PSoC5/DVDAC_VDAC8.c **** #if (CY_PSOC5A)
  34:.\Generated_Source\PSoC5/DVDAC_VDAC8.c ****     static DVDAC_VDAC8_backupStruct DVDAC_VDAC8_backup;
  35:.\Generated_Source\PSoC5/DVDAC_VDAC8.c **** #endif /* CY_PSOC5A */
  36:.\Generated_Source\PSoC5/DVDAC_VDAC8.c **** 
  37:.\Generated_Source\PSoC5/DVDAC_VDAC8.c **** 
  38:.\Generated_Source\PSoC5/DVDAC_VDAC8.c **** /*******************************************************************************
  39:.\Generated_Source\PSoC5/DVDAC_VDAC8.c **** * Function Name: DVDAC_VDAC8_Init
  40:.\Generated_Source\PSoC5/DVDAC_VDAC8.c **** ********************************************************************************
  41:.\Generated_Source\PSoC5/DVDAC_VDAC8.c **** * Summary:
  42:.\Generated_Source\PSoC5/DVDAC_VDAC8.c **** *  Initialize to the schematic state.
  43:.\Generated_Source\PSoC5/DVDAC_VDAC8.c **** * 
  44:.\Generated_Source\PSoC5/DVDAC_VDAC8.c **** * Parameters:
  45:.\Generated_Source\PSoC5/DVDAC_VDAC8.c **** *  void:
  46:.\Generated_Source\PSoC5/DVDAC_VDAC8.c **** *
  47:.\Generated_Source\PSoC5/DVDAC_VDAC8.c **** * Return:
  48:.\Generated_Source\PSoC5/DVDAC_VDAC8.c **** *  void
  49:.\Generated_Source\PSoC5/DVDAC_VDAC8.c **** *
  50:.\Generated_Source\PSoC5/DVDAC_VDAC8.c **** * Theory:
  51:.\Generated_Source\PSoC5/DVDAC_VDAC8.c **** *
  52:.\Generated_Source\PSoC5/DVDAC_VDAC8.c **** * Side Effects:
  53:.\Generated_Source\PSoC5/DVDAC_VDAC8.c **** *
  54:.\Generated_Source\PSoC5/DVDAC_VDAC8.c **** *******************************************************************************/
  55:.\Generated_Source\PSoC5/DVDAC_VDAC8.c **** void DVDAC_VDAC8_Init(void) 
  56:.\Generated_Source\PSoC5/DVDAC_VDAC8.c **** {
  57:.\Generated_Source\PSoC5/DVDAC_VDAC8.c ****     DVDAC_VDAC8_CR0 = (DVDAC_VDAC8_MODE_V );
  58:.\Generated_Source\PSoC5/DVDAC_VDAC8.c **** 
  59:.\Generated_Source\PSoC5/DVDAC_VDAC8.c ****     /* Set default data source */
  60:.\Generated_Source\PSoC5/DVDAC_VDAC8.c ****     #if(DVDAC_VDAC8_DEFAULT_DATA_SRC != 0 )
  61:.\Generated_Source\PSoC5/DVDAC_VDAC8.c ****         DVDAC_VDAC8_CR1 = (DVDAC_VDAC8_DEFAULT_CNTL | DVDAC_VDAC8_DACBUS_ENABLE) ;
  62:.\Generated_Source\PSoC5/DVDAC_VDAC8.c ****     #else
  63:.\Generated_Source\PSoC5/DVDAC_VDAC8.c ****         DVDAC_VDAC8_CR1 = (DVDAC_VDAC8_DEFAULT_CNTL | DVDAC_VDAC8_DACBUS_DISABLE) ;
  64:.\Generated_Source\PSoC5/DVDAC_VDAC8.c ****     #endif /* (DVDAC_VDAC8_DEFAULT_DATA_SRC != 0 ) */
  65:.\Generated_Source\PSoC5/DVDAC_VDAC8.c **** 
  66:.\Generated_Source\PSoC5/DVDAC_VDAC8.c ****     /* Set default strobe mode */
  67:.\Generated_Source\PSoC5/DVDAC_VDAC8.c ****     #if(DVDAC_VDAC8_DEFAULT_STRB != 0)
  68:.\Generated_Source\PSoC5/DVDAC_VDAC8.c ****         DVDAC_VDAC8_Strobe |= DVDAC_VDAC8_STRB_EN ;
  69:.\Generated_Source\PSoC5/DVDAC_VDAC8.c ****     #endif/* (DVDAC_VDAC8_DEFAULT_STRB != 0) */
  70:.\Generated_Source\PSoC5/DVDAC_VDAC8.c **** 
  71:.\Generated_Source\PSoC5/DVDAC_VDAC8.c ****     /* Set default range */
  72:.\Generated_Source\PSoC5/DVDAC_VDAC8.c ****     DVDAC_VDAC8_SetRange(DVDAC_VDAC8_DEFAULT_RANGE); 
  73:.\Generated_Source\PSoC5/DVDAC_VDAC8.c **** 
  74:.\Generated_Source\PSoC5/DVDAC_VDAC8.c ****     /* Set default speed */
  75:.\Generated_Source\PSoC5/DVDAC_VDAC8.c ****     DVDAC_VDAC8_SetSpeed(DVDAC_VDAC8_DEFAULT_SPEED);
  76:.\Generated_Source\PSoC5/DVDAC_VDAC8.c **** }
  77:.\Generated_Source\PSoC5/DVDAC_VDAC8.c **** 
  78:.\Generated_Source\PSoC5/DVDAC_VDAC8.c **** 
  79:.\Generated_Source\PSoC5/DVDAC_VDAC8.c **** /*******************************************************************************
  80:.\Generated_Source\PSoC5/DVDAC_VDAC8.c **** * Function Name: DVDAC_VDAC8_Enable
  81:.\Generated_Source\PSoC5/DVDAC_VDAC8.c **** ********************************************************************************
  82:.\Generated_Source\PSoC5/DVDAC_VDAC8.c **** * Summary:
  83:.\Generated_Source\PSoC5/DVDAC_VDAC8.c **** *  Enable the VDAC8
  84:.\Generated_Source\PSoC5/DVDAC_VDAC8.c **** * 
  85:.\Generated_Source\PSoC5/DVDAC_VDAC8.c **** * Parameters:
  86:.\Generated_Source\PSoC5/DVDAC_VDAC8.c **** *  void
  87:.\Generated_Source\PSoC5/DVDAC_VDAC8.c **** *
  88:.\Generated_Source\PSoC5/DVDAC_VDAC8.c **** * Return:
ARM GAS  C:\Users\LAIR\AppData\Local\Temp\cci1G38e.s 			page 3


  89:.\Generated_Source\PSoC5/DVDAC_VDAC8.c **** *  void
  90:.\Generated_Source\PSoC5/DVDAC_VDAC8.c **** *
  91:.\Generated_Source\PSoC5/DVDAC_VDAC8.c **** * Theory:
  92:.\Generated_Source\PSoC5/DVDAC_VDAC8.c **** *
  93:.\Generated_Source\PSoC5/DVDAC_VDAC8.c **** * Side Effects:
  94:.\Generated_Source\PSoC5/DVDAC_VDAC8.c **** *
  95:.\Generated_Source\PSoC5/DVDAC_VDAC8.c **** *******************************************************************************/
  96:.\Generated_Source\PSoC5/DVDAC_VDAC8.c **** void DVDAC_VDAC8_Enable(void) 
  97:.\Generated_Source\PSoC5/DVDAC_VDAC8.c **** {
  27              		.loc 1 97 0
  28              		.cfi_startproc
  29              		@ args = 0, pretend = 0, frame = 0
  30              		@ frame_needed = 0, uses_anonymous_args = 0
  31              		@ link register save eliminated.
  98:.\Generated_Source\PSoC5/DVDAC_VDAC8.c ****     DVDAC_VDAC8_PWRMGR |= DVDAC_VDAC8_ACT_PWR_EN;
  32              		.loc 1 98 0
  33 0000 054A     		ldr	r2, .L2
  34 0002 1378     		ldrb	r3, [r2]	@ zero_extendqisi2
  35 0004 43F00803 		orr	r3, r3, #8
  36 0008 1370     		strb	r3, [r2]
  99:.\Generated_Source\PSoC5/DVDAC_VDAC8.c ****     DVDAC_VDAC8_STBY_PWRMGR |= DVDAC_VDAC8_STBY_PWR_EN;
  37              		.loc 1 99 0
  38 000a 1032     		adds	r2, r2, #16
  39 000c 1378     		ldrb	r3, [r2]	@ zero_extendqisi2
  40 000e 43F00803 		orr	r3, r3, #8
  41 0012 1370     		strb	r3, [r2]
  42 0014 7047     		bx	lr
  43              	.L3:
  44 0016 00BF     		.align	2
  45              	.L2:
  46 0018 A8430040 		.word	1073759144
  47              		.cfi_endproc
  48              	.LFE1:
  49              		.size	DVDAC_VDAC8_Enable, .-DVDAC_VDAC8_Enable
  50              		.section	.text.DVDAC_VDAC8_Stop,"ax",%progbits
  51              		.align	2
  52              		.global	DVDAC_VDAC8_Stop
  53              		.thumb
  54              		.thumb_func
  55              		.type	DVDAC_VDAC8_Stop, %function
  56              	DVDAC_VDAC8_Stop:
  57              	.LFB3:
 100:.\Generated_Source\PSoC5/DVDAC_VDAC8.c **** 
 101:.\Generated_Source\PSoC5/DVDAC_VDAC8.c ****     /*This is to restore the value of register CR0 ,
 102:.\Generated_Source\PSoC5/DVDAC_VDAC8.c ****     which is modified  in Stop API , this prevents misbehaviour of VDAC */
 103:.\Generated_Source\PSoC5/DVDAC_VDAC8.c ****     #if (CY_PSOC5A)
 104:.\Generated_Source\PSoC5/DVDAC_VDAC8.c ****         if(DVDAC_VDAC8_restoreVal == 1u) 
 105:.\Generated_Source\PSoC5/DVDAC_VDAC8.c ****         {
 106:.\Generated_Source\PSoC5/DVDAC_VDAC8.c ****              DVDAC_VDAC8_CR0 = DVDAC_VDAC8_backup.data_value;
 107:.\Generated_Source\PSoC5/DVDAC_VDAC8.c ****              DVDAC_VDAC8_restoreVal = 0u;
 108:.\Generated_Source\PSoC5/DVDAC_VDAC8.c ****         }
 109:.\Generated_Source\PSoC5/DVDAC_VDAC8.c ****     #endif /* CY_PSOC5A */
 110:.\Generated_Source\PSoC5/DVDAC_VDAC8.c **** }
 111:.\Generated_Source\PSoC5/DVDAC_VDAC8.c **** 
 112:.\Generated_Source\PSoC5/DVDAC_VDAC8.c **** 
 113:.\Generated_Source\PSoC5/DVDAC_VDAC8.c **** /*******************************************************************************
 114:.\Generated_Source\PSoC5/DVDAC_VDAC8.c **** * Function Name: DVDAC_VDAC8_Start
ARM GAS  C:\Users\LAIR\AppData\Local\Temp\cci1G38e.s 			page 4


 115:.\Generated_Source\PSoC5/DVDAC_VDAC8.c **** ********************************************************************************
 116:.\Generated_Source\PSoC5/DVDAC_VDAC8.c **** *
 117:.\Generated_Source\PSoC5/DVDAC_VDAC8.c **** * Summary:
 118:.\Generated_Source\PSoC5/DVDAC_VDAC8.c **** *  The start function initializes the voltage DAC with the default values, 
 119:.\Generated_Source\PSoC5/DVDAC_VDAC8.c **** *  and sets the power to the given level.  A power level of 0, is the same as
 120:.\Generated_Source\PSoC5/DVDAC_VDAC8.c **** *  executing the stop function.
 121:.\Generated_Source\PSoC5/DVDAC_VDAC8.c **** *
 122:.\Generated_Source\PSoC5/DVDAC_VDAC8.c **** * Parameters:
 123:.\Generated_Source\PSoC5/DVDAC_VDAC8.c **** *  Power: Sets power level between off (0) and (3) high power
 124:.\Generated_Source\PSoC5/DVDAC_VDAC8.c **** *
 125:.\Generated_Source\PSoC5/DVDAC_VDAC8.c **** * Return:
 126:.\Generated_Source\PSoC5/DVDAC_VDAC8.c **** *  void 
 127:.\Generated_Source\PSoC5/DVDAC_VDAC8.c **** *
 128:.\Generated_Source\PSoC5/DVDAC_VDAC8.c **** * Global variables:
 129:.\Generated_Source\PSoC5/DVDAC_VDAC8.c **** *  DVDAC_VDAC8_initVar: Is modified when this function is called for the 
 130:.\Generated_Source\PSoC5/DVDAC_VDAC8.c **** *  first time. Is used to ensure that initialization happens only once.
 131:.\Generated_Source\PSoC5/DVDAC_VDAC8.c **** *
 132:.\Generated_Source\PSoC5/DVDAC_VDAC8.c **** *******************************************************************************/
 133:.\Generated_Source\PSoC5/DVDAC_VDAC8.c **** void DVDAC_VDAC8_Start(void)  
 134:.\Generated_Source\PSoC5/DVDAC_VDAC8.c **** {
 135:.\Generated_Source\PSoC5/DVDAC_VDAC8.c ****     /* Hardware initiazation only needs to occure the first time */
 136:.\Generated_Source\PSoC5/DVDAC_VDAC8.c ****     if(DVDAC_VDAC8_initVar == 0u)
 137:.\Generated_Source\PSoC5/DVDAC_VDAC8.c ****     { 
 138:.\Generated_Source\PSoC5/DVDAC_VDAC8.c ****         DVDAC_VDAC8_Init();
 139:.\Generated_Source\PSoC5/DVDAC_VDAC8.c ****         DVDAC_VDAC8_initVar = 1u;
 140:.\Generated_Source\PSoC5/DVDAC_VDAC8.c ****     }
 141:.\Generated_Source\PSoC5/DVDAC_VDAC8.c **** 
 142:.\Generated_Source\PSoC5/DVDAC_VDAC8.c ****     /* Enable power to DAC */
 143:.\Generated_Source\PSoC5/DVDAC_VDAC8.c ****     DVDAC_VDAC8_Enable();
 144:.\Generated_Source\PSoC5/DVDAC_VDAC8.c **** 
 145:.\Generated_Source\PSoC5/DVDAC_VDAC8.c ****     /* Set default value */
 146:.\Generated_Source\PSoC5/DVDAC_VDAC8.c ****     DVDAC_VDAC8_SetValue(DVDAC_VDAC8_DEFAULT_DATA); 
 147:.\Generated_Source\PSoC5/DVDAC_VDAC8.c **** }
 148:.\Generated_Source\PSoC5/DVDAC_VDAC8.c **** 
 149:.\Generated_Source\PSoC5/DVDAC_VDAC8.c **** 
 150:.\Generated_Source\PSoC5/DVDAC_VDAC8.c **** /*******************************************************************************
 151:.\Generated_Source\PSoC5/DVDAC_VDAC8.c **** * Function Name: DVDAC_VDAC8_Stop
 152:.\Generated_Source\PSoC5/DVDAC_VDAC8.c **** ********************************************************************************
 153:.\Generated_Source\PSoC5/DVDAC_VDAC8.c **** *
 154:.\Generated_Source\PSoC5/DVDAC_VDAC8.c **** * Summary:
 155:.\Generated_Source\PSoC5/DVDAC_VDAC8.c **** *  Powers down DAC to lowest power state.
 156:.\Generated_Source\PSoC5/DVDAC_VDAC8.c **** *
 157:.\Generated_Source\PSoC5/DVDAC_VDAC8.c **** * Parameters:
 158:.\Generated_Source\PSoC5/DVDAC_VDAC8.c **** *  void
 159:.\Generated_Source\PSoC5/DVDAC_VDAC8.c **** *
 160:.\Generated_Source\PSoC5/DVDAC_VDAC8.c **** * Return:
 161:.\Generated_Source\PSoC5/DVDAC_VDAC8.c **** *  void
 162:.\Generated_Source\PSoC5/DVDAC_VDAC8.c **** *
 163:.\Generated_Source\PSoC5/DVDAC_VDAC8.c **** * Theory:
 164:.\Generated_Source\PSoC5/DVDAC_VDAC8.c **** *
 165:.\Generated_Source\PSoC5/DVDAC_VDAC8.c **** * Side Effects:
 166:.\Generated_Source\PSoC5/DVDAC_VDAC8.c **** *
 167:.\Generated_Source\PSoC5/DVDAC_VDAC8.c **** *******************************************************************************/
 168:.\Generated_Source\PSoC5/DVDAC_VDAC8.c **** void DVDAC_VDAC8_Stop(void) 
 169:.\Generated_Source\PSoC5/DVDAC_VDAC8.c **** {
  58              		.loc 1 169 0
  59              		.cfi_startproc
ARM GAS  C:\Users\LAIR\AppData\Local\Temp\cci1G38e.s 			page 5


  60              		@ args = 0, pretend = 0, frame = 0
  61              		@ frame_needed = 0, uses_anonymous_args = 0
  62              		@ link register save eliminated.
 170:.\Generated_Source\PSoC5/DVDAC_VDAC8.c ****     /* Disble power to DAC */
 171:.\Generated_Source\PSoC5/DVDAC_VDAC8.c ****     DVDAC_VDAC8_PWRMGR &= (uint8)(~DVDAC_VDAC8_ACT_PWR_EN);
  63              		.loc 1 171 0
  64 0000 054A     		ldr	r2, .L5
  65 0002 1378     		ldrb	r3, [r2]	@ zero_extendqisi2
  66 0004 03F0F703 		and	r3, r3, #247
  67 0008 1370     		strb	r3, [r2]
 172:.\Generated_Source\PSoC5/DVDAC_VDAC8.c ****     DVDAC_VDAC8_STBY_PWRMGR &= (uint8)(~DVDAC_VDAC8_STBY_PWR_EN);
  68              		.loc 1 172 0
  69 000a 1032     		adds	r2, r2, #16
  70 000c 1378     		ldrb	r3, [r2]	@ zero_extendqisi2
  71 000e 03F0F703 		and	r3, r3, #247
  72 0012 1370     		strb	r3, [r2]
  73 0014 7047     		bx	lr
  74              	.L6:
  75 0016 00BF     		.align	2
  76              	.L5:
  77 0018 A8430040 		.word	1073759144
  78              		.cfi_endproc
  79              	.LFE3:
  80              		.size	DVDAC_VDAC8_Stop, .-DVDAC_VDAC8_Stop
  81              		.section	.text.DVDAC_VDAC8_SetSpeed,"ax",%progbits
  82              		.align	2
  83              		.global	DVDAC_VDAC8_SetSpeed
  84              		.thumb
  85              		.thumb_func
  86              		.type	DVDAC_VDAC8_SetSpeed, %function
  87              	DVDAC_VDAC8_SetSpeed:
  88              	.LFB4:
 173:.\Generated_Source\PSoC5/DVDAC_VDAC8.c **** 
 174:.\Generated_Source\PSoC5/DVDAC_VDAC8.c ****     /* This is a work around for PSoC5A  ,
 175:.\Generated_Source\PSoC5/DVDAC_VDAC8.c ****     this sets VDAC to current mode with output off */
 176:.\Generated_Source\PSoC5/DVDAC_VDAC8.c ****     #if (CY_PSOC5A)
 177:.\Generated_Source\PSoC5/DVDAC_VDAC8.c ****         DVDAC_VDAC8_backup.data_value = DVDAC_VDAC8_CR0;
 178:.\Generated_Source\PSoC5/DVDAC_VDAC8.c ****         DVDAC_VDAC8_CR0 = DVDAC_VDAC8_CUR_MODE_OUT_OFF;
 179:.\Generated_Source\PSoC5/DVDAC_VDAC8.c ****         DVDAC_VDAC8_restoreVal = 1u;
 180:.\Generated_Source\PSoC5/DVDAC_VDAC8.c ****     #endif /* CY_PSOC5A */
 181:.\Generated_Source\PSoC5/DVDAC_VDAC8.c **** }
 182:.\Generated_Source\PSoC5/DVDAC_VDAC8.c **** 
 183:.\Generated_Source\PSoC5/DVDAC_VDAC8.c **** 
 184:.\Generated_Source\PSoC5/DVDAC_VDAC8.c **** /*******************************************************************************
 185:.\Generated_Source\PSoC5/DVDAC_VDAC8.c **** * Function Name: DVDAC_VDAC8_SetSpeed
 186:.\Generated_Source\PSoC5/DVDAC_VDAC8.c **** ********************************************************************************
 187:.\Generated_Source\PSoC5/DVDAC_VDAC8.c **** *
 188:.\Generated_Source\PSoC5/DVDAC_VDAC8.c **** * Summary:
 189:.\Generated_Source\PSoC5/DVDAC_VDAC8.c **** *  Set DAC speed
 190:.\Generated_Source\PSoC5/DVDAC_VDAC8.c **** *
 191:.\Generated_Source\PSoC5/DVDAC_VDAC8.c **** * Parameters:
 192:.\Generated_Source\PSoC5/DVDAC_VDAC8.c **** *  power: Sets speed value
 193:.\Generated_Source\PSoC5/DVDAC_VDAC8.c **** *
 194:.\Generated_Source\PSoC5/DVDAC_VDAC8.c **** * Return:
 195:.\Generated_Source\PSoC5/DVDAC_VDAC8.c **** *  void
 196:.\Generated_Source\PSoC5/DVDAC_VDAC8.c **** *
 197:.\Generated_Source\PSoC5/DVDAC_VDAC8.c **** * Theory:
ARM GAS  C:\Users\LAIR\AppData\Local\Temp\cci1G38e.s 			page 6


 198:.\Generated_Source\PSoC5/DVDAC_VDAC8.c **** *
 199:.\Generated_Source\PSoC5/DVDAC_VDAC8.c **** * Side Effects:
 200:.\Generated_Source\PSoC5/DVDAC_VDAC8.c **** *
 201:.\Generated_Source\PSoC5/DVDAC_VDAC8.c **** *******************************************************************************/
 202:.\Generated_Source\PSoC5/DVDAC_VDAC8.c **** void DVDAC_VDAC8_SetSpeed(uint8 speed) 
 203:.\Generated_Source\PSoC5/DVDAC_VDAC8.c **** {
  89              		.loc 1 203 0
  90              		.cfi_startproc
  91              		@ args = 0, pretend = 0, frame = 0
  92              		@ frame_needed = 0, uses_anonymous_args = 0
  93              		@ link register save eliminated.
  94              	.LVL0:
 204:.\Generated_Source\PSoC5/DVDAC_VDAC8.c ****     /* Clear power mask then write in new value */
 205:.\Generated_Source\PSoC5/DVDAC_VDAC8.c ****     DVDAC_VDAC8_CR0 &= (uint8)(~DVDAC_VDAC8_HS_MASK);
  95              		.loc 1 205 0
  96 0000 054B     		ldr	r3, .L8
  97 0002 1A78     		ldrb	r2, [r3]	@ zero_extendqisi2
  98 0004 02F0FD02 		and	r2, r2, #253
  99 0008 1A70     		strb	r2, [r3]
 206:.\Generated_Source\PSoC5/DVDAC_VDAC8.c ****     DVDAC_VDAC8_CR0 |=  (speed & DVDAC_VDAC8_HS_MASK);
 100              		.loc 1 206 0
 101 000a 1A78     		ldrb	r2, [r3]	@ zero_extendqisi2
 102 000c 00F00200 		and	r0, r0, #2
 103              	.LVL1:
 104 0010 1043     		orrs	r0, r0, r2
 105 0012 1870     		strb	r0, [r3]
 106 0014 7047     		bx	lr
 107              	.L9:
 108 0016 00BF     		.align	2
 109              	.L8:
 110 0018 2C580040 		.word	1073764396
 111              		.cfi_endproc
 112              	.LFE4:
 113              		.size	DVDAC_VDAC8_SetSpeed, .-DVDAC_VDAC8_SetSpeed
 114              		.section	.text.DVDAC_VDAC8_SetValue,"ax",%progbits
 115              		.align	2
 116              		.global	DVDAC_VDAC8_SetValue
 117              		.thumb
 118              		.thumb_func
 119              		.type	DVDAC_VDAC8_SetValue, %function
 120              	DVDAC_VDAC8_SetValue:
 121              	.LFB6:
 207:.\Generated_Source\PSoC5/DVDAC_VDAC8.c **** }
 208:.\Generated_Source\PSoC5/DVDAC_VDAC8.c **** 
 209:.\Generated_Source\PSoC5/DVDAC_VDAC8.c **** 
 210:.\Generated_Source\PSoC5/DVDAC_VDAC8.c **** /*******************************************************************************
 211:.\Generated_Source\PSoC5/DVDAC_VDAC8.c **** * Function Name: DVDAC_VDAC8_SetRange
 212:.\Generated_Source\PSoC5/DVDAC_VDAC8.c **** ********************************************************************************
 213:.\Generated_Source\PSoC5/DVDAC_VDAC8.c **** *
 214:.\Generated_Source\PSoC5/DVDAC_VDAC8.c **** * Summary:
 215:.\Generated_Source\PSoC5/DVDAC_VDAC8.c **** *  Set one of three current ranges.
 216:.\Generated_Source\PSoC5/DVDAC_VDAC8.c **** *
 217:.\Generated_Source\PSoC5/DVDAC_VDAC8.c **** * Parameters:
 218:.\Generated_Source\PSoC5/DVDAC_VDAC8.c **** *  Range: Sets one of Three valid ranges.
 219:.\Generated_Source\PSoC5/DVDAC_VDAC8.c **** *
 220:.\Generated_Source\PSoC5/DVDAC_VDAC8.c **** * Return:
 221:.\Generated_Source\PSoC5/DVDAC_VDAC8.c **** *  void 
ARM GAS  C:\Users\LAIR\AppData\Local\Temp\cci1G38e.s 			page 7


 222:.\Generated_Source\PSoC5/DVDAC_VDAC8.c **** *
 223:.\Generated_Source\PSoC5/DVDAC_VDAC8.c **** * Theory:
 224:.\Generated_Source\PSoC5/DVDAC_VDAC8.c **** *
 225:.\Generated_Source\PSoC5/DVDAC_VDAC8.c **** * Side Effects:
 226:.\Generated_Source\PSoC5/DVDAC_VDAC8.c **** *
 227:.\Generated_Source\PSoC5/DVDAC_VDAC8.c **** *******************************************************************************/
 228:.\Generated_Source\PSoC5/DVDAC_VDAC8.c **** void DVDAC_VDAC8_SetRange(uint8 range) 
 229:.\Generated_Source\PSoC5/DVDAC_VDAC8.c **** {
 230:.\Generated_Source\PSoC5/DVDAC_VDAC8.c ****     DVDAC_VDAC8_CR0 &= (uint8)(~DVDAC_VDAC8_RANGE_MASK);      /* Clear existing mode */
 231:.\Generated_Source\PSoC5/DVDAC_VDAC8.c ****     DVDAC_VDAC8_CR0 |= (range & DVDAC_VDAC8_RANGE_MASK);      /*  Set Range  */
 232:.\Generated_Source\PSoC5/DVDAC_VDAC8.c ****     DVDAC_VDAC8_DacTrim();
 233:.\Generated_Source\PSoC5/DVDAC_VDAC8.c **** }
 234:.\Generated_Source\PSoC5/DVDAC_VDAC8.c **** 
 235:.\Generated_Source\PSoC5/DVDAC_VDAC8.c **** 
 236:.\Generated_Source\PSoC5/DVDAC_VDAC8.c **** /*******************************************************************************
 237:.\Generated_Source\PSoC5/DVDAC_VDAC8.c **** * Function Name: DVDAC_VDAC8_SetValue
 238:.\Generated_Source\PSoC5/DVDAC_VDAC8.c **** ********************************************************************************
 239:.\Generated_Source\PSoC5/DVDAC_VDAC8.c **** *
 240:.\Generated_Source\PSoC5/DVDAC_VDAC8.c **** * Summary:
 241:.\Generated_Source\PSoC5/DVDAC_VDAC8.c **** *  Set 8-bit DAC value
 242:.\Generated_Source\PSoC5/DVDAC_VDAC8.c **** *
 243:.\Generated_Source\PSoC5/DVDAC_VDAC8.c **** * Parameters:  
 244:.\Generated_Source\PSoC5/DVDAC_VDAC8.c **** *  value:  Sets DAC value between 0 and 255.
 245:.\Generated_Source\PSoC5/DVDAC_VDAC8.c **** *
 246:.\Generated_Source\PSoC5/DVDAC_VDAC8.c **** * Return: 
 247:.\Generated_Source\PSoC5/DVDAC_VDAC8.c **** *  void 
 248:.\Generated_Source\PSoC5/DVDAC_VDAC8.c **** *
 249:.\Generated_Source\PSoC5/DVDAC_VDAC8.c **** * Theory: 
 250:.\Generated_Source\PSoC5/DVDAC_VDAC8.c **** *
 251:.\Generated_Source\PSoC5/DVDAC_VDAC8.c **** * Side Effects:
 252:.\Generated_Source\PSoC5/DVDAC_VDAC8.c **** *
 253:.\Generated_Source\PSoC5/DVDAC_VDAC8.c **** *******************************************************************************/
 254:.\Generated_Source\PSoC5/DVDAC_VDAC8.c **** void DVDAC_VDAC8_SetValue(uint8 value) 
 255:.\Generated_Source\PSoC5/DVDAC_VDAC8.c **** {
 122              		.loc 1 255 0
 123              		.cfi_startproc
 124              		@ args = 0, pretend = 0, frame = 0
 125              		@ frame_needed = 0, uses_anonymous_args = 0
 126              		@ link register save eliminated.
 127              	.LVL2:
 256:.\Generated_Source\PSoC5/DVDAC_VDAC8.c ****     #if (CY_PSOC5A)
 257:.\Generated_Source\PSoC5/DVDAC_VDAC8.c ****         uint8 DVDAC_VDAC8_intrStatus = CyEnterCriticalSection();
 258:.\Generated_Source\PSoC5/DVDAC_VDAC8.c ****     #endif /* CY_PSOC5A */
 259:.\Generated_Source\PSoC5/DVDAC_VDAC8.c **** 
 260:.\Generated_Source\PSoC5/DVDAC_VDAC8.c ****     DVDAC_VDAC8_Data = value;                /*  Set Value  */
 128              		.loc 1 260 0
 129 0000 014B     		ldr	r3, .L11
 130 0002 1870     		strb	r0, [r3]
 131 0004 7047     		bx	lr
 132              	.L12:
 133 0006 00BF     		.align	2
 134              	.L11:
 135 0008 835B0040 		.word	1073765251
 136              		.cfi_endproc
 137              	.LFE6:
 138              		.size	DVDAC_VDAC8_SetValue, .-DVDAC_VDAC8_SetValue
 139              		.section	.text.DVDAC_VDAC8_DacTrim,"ax",%progbits
ARM GAS  C:\Users\LAIR\AppData\Local\Temp\cci1G38e.s 			page 8


 140              		.align	2
 141              		.global	DVDAC_VDAC8_DacTrim
 142              		.thumb
 143              		.thumb_func
 144              		.type	DVDAC_VDAC8_DacTrim, %function
 145              	DVDAC_VDAC8_DacTrim:
 146              	.LFB7:
 261:.\Generated_Source\PSoC5/DVDAC_VDAC8.c **** 
 262:.\Generated_Source\PSoC5/DVDAC_VDAC8.c ****     /* PSOC5A requires a double write */
 263:.\Generated_Source\PSoC5/DVDAC_VDAC8.c ****     /* Exit Critical Section */
 264:.\Generated_Source\PSoC5/DVDAC_VDAC8.c ****     #if (CY_PSOC5A)
 265:.\Generated_Source\PSoC5/DVDAC_VDAC8.c ****         DVDAC_VDAC8_Data = value;
 266:.\Generated_Source\PSoC5/DVDAC_VDAC8.c ****         CyExitCriticalSection(DVDAC_VDAC8_intrStatus);
 267:.\Generated_Source\PSoC5/DVDAC_VDAC8.c ****     #endif /* CY_PSOC5A */
 268:.\Generated_Source\PSoC5/DVDAC_VDAC8.c **** }
 269:.\Generated_Source\PSoC5/DVDAC_VDAC8.c **** 
 270:.\Generated_Source\PSoC5/DVDAC_VDAC8.c **** 
 271:.\Generated_Source\PSoC5/DVDAC_VDAC8.c **** /*******************************************************************************
 272:.\Generated_Source\PSoC5/DVDAC_VDAC8.c **** * Function Name: DVDAC_VDAC8_DacTrim
 273:.\Generated_Source\PSoC5/DVDAC_VDAC8.c **** ********************************************************************************
 274:.\Generated_Source\PSoC5/DVDAC_VDAC8.c **** *
 275:.\Generated_Source\PSoC5/DVDAC_VDAC8.c **** * Summary:
 276:.\Generated_Source\PSoC5/DVDAC_VDAC8.c **** *  Set the trim value for the given range.
 277:.\Generated_Source\PSoC5/DVDAC_VDAC8.c **** *
 278:.\Generated_Source\PSoC5/DVDAC_VDAC8.c **** * Parameters:
 279:.\Generated_Source\PSoC5/DVDAC_VDAC8.c **** *  range:  1V or 4V range.  See constants.
 280:.\Generated_Source\PSoC5/DVDAC_VDAC8.c **** *
 281:.\Generated_Source\PSoC5/DVDAC_VDAC8.c **** * Return:
 282:.\Generated_Source\PSoC5/DVDAC_VDAC8.c **** *  void
 283:.\Generated_Source\PSoC5/DVDAC_VDAC8.c **** *
 284:.\Generated_Source\PSoC5/DVDAC_VDAC8.c **** * Theory: 
 285:.\Generated_Source\PSoC5/DVDAC_VDAC8.c **** *
 286:.\Generated_Source\PSoC5/DVDAC_VDAC8.c **** * Side Effects:
 287:.\Generated_Source\PSoC5/DVDAC_VDAC8.c **** *
 288:.\Generated_Source\PSoC5/DVDAC_VDAC8.c **** *******************************************************************************/
 289:.\Generated_Source\PSoC5/DVDAC_VDAC8.c **** void DVDAC_VDAC8_DacTrim(void) 
 290:.\Generated_Source\PSoC5/DVDAC_VDAC8.c **** {
 147              		.loc 1 290 0
 148              		.cfi_startproc
 149              		@ args = 0, pretend = 0, frame = 0
 150              		@ frame_needed = 0, uses_anonymous_args = 0
 151              		@ link register save eliminated.
 291:.\Generated_Source\PSoC5/DVDAC_VDAC8.c ****     uint8 mode;
 292:.\Generated_Source\PSoC5/DVDAC_VDAC8.c **** 
 293:.\Generated_Source\PSoC5/DVDAC_VDAC8.c ****     mode = (uint8)((DVDAC_VDAC8_CR0 & DVDAC_VDAC8_RANGE_MASK) >> 2) + DVDAC_VDAC8_TRIM_M7_1V_RNG_OF
 152              		.loc 1 293 0
 153 0000 064B     		ldr	r3, .L14
 154 0002 1B78     		ldrb	r3, [r3]	@ zero_extendqisi2
 155 0004 C3F38103 		ubfx	r3, r3, #2, #2
 156              	.LVL3:
 294:.\Generated_Source\PSoC5/DVDAC_VDAC8.c ****     DVDAC_VDAC8_TR = CY_GET_XTND_REG8((uint8 *)(DVDAC_VDAC8_DAC_TRIM_BASE + mode));
 157              		.loc 1 294 0
 158 0008 03F19243 		add	r3, r3, #1224736768
 159              	.LVL4:
 160 000c 0633     		adds	r3, r3, #6
 161              	.LVL5:
 162 000e 93F83831 		ldrb	r3, [r3, #312]	@ zero_extendqisi2
ARM GAS  C:\Users\LAIR\AppData\Local\Temp\cci1G38e.s 			page 9


 163              	.LVL6:
 164 0012 DBB2     		uxtb	r3, r3
 165 0014 024A     		ldr	r2, .L14+4
 166 0016 1370     		strb	r3, [r2]
 167 0018 7047     		bx	lr
 168              	.L15:
 169 001a 00BF     		.align	2
 170              	.L14:
 171 001c 2C580040 		.word	1073764396
 172 0020 0B460040 		.word	1073759755
 173              		.cfi_endproc
 174              	.LFE7:
 175              		.size	DVDAC_VDAC8_DacTrim, .-DVDAC_VDAC8_DacTrim
 176              		.section	.text.DVDAC_VDAC8_SetRange,"ax",%progbits
 177              		.align	2
 178              		.global	DVDAC_VDAC8_SetRange
 179              		.thumb
 180              		.thumb_func
 181              		.type	DVDAC_VDAC8_SetRange, %function
 182              	DVDAC_VDAC8_SetRange:
 183              	.LFB5:
 229:.\Generated_Source\PSoC5/DVDAC_VDAC8.c ****     DVDAC_VDAC8_CR0 &= (uint8)(~DVDAC_VDAC8_RANGE_MASK);      /* Clear existing mode */
 184              		.loc 1 229 0
 185              		.cfi_startproc
 186              		@ args = 0, pretend = 0, frame = 0
 187              		@ frame_needed = 0, uses_anonymous_args = 0
 188              	.LVL7:
 189 0000 08B5     		push	{r3, lr}
 190              		.cfi_def_cfa_offset 8
 191              		.cfi_offset 3, -8
 192              		.cfi_offset 14, -4
 230:.\Generated_Source\PSoC5/DVDAC_VDAC8.c ****     DVDAC_VDAC8_CR0 |= (range & DVDAC_VDAC8_RANGE_MASK);      /*  Set Range  */
 193              		.loc 1 230 0
 194 0002 064B     		ldr	r3, .L18
 195 0004 1A78     		ldrb	r2, [r3]	@ zero_extendqisi2
 196 0006 02F0F302 		and	r2, r2, #243
 197 000a 1A70     		strb	r2, [r3]
 231:.\Generated_Source\PSoC5/DVDAC_VDAC8.c ****     DVDAC_VDAC8_DacTrim();
 198              		.loc 1 231 0
 199 000c 1A78     		ldrb	r2, [r3]	@ zero_extendqisi2
 200 000e 00F00C00 		and	r0, r0, #12
 201              	.LVL8:
 202 0012 1043     		orrs	r0, r0, r2
 203 0014 1870     		strb	r0, [r3]
 232:.\Generated_Source\PSoC5/DVDAC_VDAC8.c **** }
 204              		.loc 1 232 0
 205 0016 FFF7FEFF 		bl	DVDAC_VDAC8_DacTrim
 206              	.LVL9:
 207 001a 08BD     		pop	{r3, pc}
 208              	.L19:
 209              		.align	2
 210              	.L18:
 211 001c 2C580040 		.word	1073764396
 212              		.cfi_endproc
 213              	.LFE5:
 214              		.size	DVDAC_VDAC8_SetRange, .-DVDAC_VDAC8_SetRange
 215              		.section	.text.DVDAC_VDAC8_Init,"ax",%progbits
ARM GAS  C:\Users\LAIR\AppData\Local\Temp\cci1G38e.s 			page 10


 216              		.align	2
 217              		.global	DVDAC_VDAC8_Init
 218              		.thumb
 219              		.thumb_func
 220              		.type	DVDAC_VDAC8_Init, %function
 221              	DVDAC_VDAC8_Init:
 222              	.LFB0:
  56:.\Generated_Source\PSoC5/DVDAC_VDAC8.c ****     DVDAC_VDAC8_CR0 = (DVDAC_VDAC8_MODE_V );
 223              		.loc 1 56 0
 224              		.cfi_startproc
 225              		@ args = 0, pretend = 0, frame = 0
 226              		@ frame_needed = 0, uses_anonymous_args = 0
 227 0000 08B5     		push	{r3, lr}
 228              		.cfi_def_cfa_offset 8
 229              		.cfi_offset 3, -8
 230              		.cfi_offset 14, -4
  57:.\Generated_Source\PSoC5/DVDAC_VDAC8.c **** 
 231              		.loc 1 57 0
 232 0002 0023     		movs	r3, #0
 233 0004 084A     		ldr	r2, .L22
 234 0006 1370     		strb	r3, [r2]
  63:.\Generated_Source\PSoC5/DVDAC_VDAC8.c ****     #endif /* (DVDAC_VDAC8_DEFAULT_DATA_SRC != 0 ) */
 235              		.loc 1 63 0
 236 0008 0132     		adds	r2, r2, #1
 237 000a 1370     		strb	r3, [r2]
  68:.\Generated_Source\PSoC5/DVDAC_VDAC8.c ****     #endif/* (DVDAC_VDAC8_DEFAULT_STRB != 0) */
 238              		.loc 1 68 0
 239 000c 02F27222 		addw	r2, r2, #626
 240 0010 1378     		ldrb	r3, [r2]	@ zero_extendqisi2
 241 0012 43F00803 		orr	r3, r3, #8
 242 0016 1370     		strb	r3, [r2]
  72:.\Generated_Source\PSoC5/DVDAC_VDAC8.c **** 
 243              		.loc 1 72 0
 244 0018 0420     		movs	r0, #4
 245 001a FFF7FEFF 		bl	DVDAC_VDAC8_SetRange
 246              	.LVL10:
  75:.\Generated_Source\PSoC5/DVDAC_VDAC8.c **** }
 247              		.loc 1 75 0
 248 001e 0220     		movs	r0, #2
 249 0020 FFF7FEFF 		bl	DVDAC_VDAC8_SetSpeed
 250              	.LVL11:
 251 0024 08BD     		pop	{r3, pc}
 252              	.L23:
 253 0026 00BF     		.align	2
 254              	.L22:
 255 0028 2C580040 		.word	1073764396
 256              		.cfi_endproc
 257              	.LFE0:
 258              		.size	DVDAC_VDAC8_Init, .-DVDAC_VDAC8_Init
 259              		.section	.text.DVDAC_VDAC8_Start,"ax",%progbits
 260              		.align	2
 261              		.global	DVDAC_VDAC8_Start
 262              		.thumb
 263              		.thumb_func
 264              		.type	DVDAC_VDAC8_Start, %function
 265              	DVDAC_VDAC8_Start:
 266              	.LFB2:
ARM GAS  C:\Users\LAIR\AppData\Local\Temp\cci1G38e.s 			page 11


 134:.\Generated_Source\PSoC5/DVDAC_VDAC8.c ****     /* Hardware initiazation only needs to occure the first time */
 267              		.loc 1 134 0
 268              		.cfi_startproc
 269              		@ args = 0, pretend = 0, frame = 0
 270              		@ frame_needed = 0, uses_anonymous_args = 0
 271 0000 08B5     		push	{r3, lr}
 272              		.cfi_def_cfa_offset 8
 273              		.cfi_offset 3, -8
 274              		.cfi_offset 14, -4
 136:.\Generated_Source\PSoC5/DVDAC_VDAC8.c ****     { 
 275              		.loc 1 136 0
 276 0002 074B     		ldr	r3, .L27
 277 0004 1B78     		ldrb	r3, [r3]	@ zero_extendqisi2
 278 0006 23B9     		cbnz	r3, .L25
 138:.\Generated_Source\PSoC5/DVDAC_VDAC8.c ****         DVDAC_VDAC8_initVar = 1u;
 279              		.loc 1 138 0
 280 0008 FFF7FEFF 		bl	DVDAC_VDAC8_Init
 281              	.LVL12:
 139:.\Generated_Source\PSoC5/DVDAC_VDAC8.c ****     }
 282              		.loc 1 139 0
 283 000c 0122     		movs	r2, #1
 284 000e 044B     		ldr	r3, .L27
 285 0010 1A70     		strb	r2, [r3]
 286              	.L25:
 143:.\Generated_Source\PSoC5/DVDAC_VDAC8.c **** 
 287              		.loc 1 143 0
 288 0012 FFF7FEFF 		bl	DVDAC_VDAC8_Enable
 289              	.LVL13:
 146:.\Generated_Source\PSoC5/DVDAC_VDAC8.c **** }
 290              		.loc 1 146 0
 291 0016 1920     		movs	r0, #25
 292 0018 FFF7FEFF 		bl	DVDAC_VDAC8_SetValue
 293              	.LVL14:
 294 001c 08BD     		pop	{r3, pc}
 295              	.L28:
 296 001e 00BF     		.align	2
 297              	.L27:
 298 0020 00000000 		.word	.LANCHOR0
 299              		.cfi_endproc
 300              	.LFE2:
 301              		.size	DVDAC_VDAC8_Start, .-DVDAC_VDAC8_Start
 302              		.global	DVDAC_VDAC8_initVar
 303              		.bss
 304              		.set	.LANCHOR0,. + 0
 305              		.type	DVDAC_VDAC8_initVar, %object
 306              		.size	DVDAC_VDAC8_initVar, 1
 307              	DVDAC_VDAC8_initVar:
 308 0000 00       		.space	1
 309              		.text
 310              	.Letext0:
 311              		.file 2 ".\\Generated_Source\\PSoC5\\cytypes.h"
 312              		.section	.debug_info,"",%progbits
 313              	.Ldebug_info0:
 314 0000 D9010000 		.4byte	0x1d9
 315 0004 0400     		.2byte	0x4
 316 0006 00000000 		.4byte	.Ldebug_abbrev0
 317 000a 04       		.byte	0x4
ARM GAS  C:\Users\LAIR\AppData\Local\Temp\cci1G38e.s 			page 12


 318 000b 01       		.uleb128 0x1
 319 000c 40010000 		.4byte	.LASF25
 320 0010 01       		.byte	0x1
 321 0011 2B020000 		.4byte	.LASF26
 322 0015 40000000 		.4byte	.LASF27
 323 0019 00000000 		.4byte	.Ldebug_ranges0+0
 324 001d 00000000 		.4byte	0
 325 0021 00000000 		.4byte	.Ldebug_line0
 326 0025 02       		.uleb128 0x2
 327 0026 01       		.byte	0x1
 328 0027 06       		.byte	0x6
 329 0028 6B020000 		.4byte	.LASF0
 330 002c 02       		.uleb128 0x2
 331 002d 01       		.byte	0x1
 332 002e 08       		.byte	0x8
 333 002f B4000000 		.4byte	.LASF1
 334 0033 02       		.uleb128 0x2
 335 0034 02       		.byte	0x2
 336 0035 05       		.byte	0x5
 337 0036 52020000 		.4byte	.LASF2
 338 003a 02       		.uleb128 0x2
 339 003b 02       		.byte	0x2
 340 003c 07       		.byte	0x7
 341 003d EE000000 		.4byte	.LASF3
 342 0041 02       		.uleb128 0x2
 343 0042 04       		.byte	0x4
 344 0043 05       		.byte	0x5
 345 0044 62020000 		.4byte	.LASF4
 346 0048 02       		.uleb128 0x2
 347 0049 04       		.byte	0x4
 348 004a 07       		.byte	0x7
 349 004b C7000000 		.4byte	.LASF5
 350 004f 02       		.uleb128 0x2
 351 0050 08       		.byte	0x8
 352 0051 05       		.byte	0x5
 353 0052 18020000 		.4byte	.LASF6
 354 0056 02       		.uleb128 0x2
 355 0057 08       		.byte	0x8
 356 0058 07       		.byte	0x7
 357 0059 E1010000 		.4byte	.LASF7
 358 005d 03       		.uleb128 0x3
 359 005e 04       		.byte	0x4
 360 005f 05       		.byte	0x5
 361 0060 696E7400 		.ascii	"int\000"
 362 0064 02       		.uleb128 0x2
 363 0065 04       		.byte	0x4
 364 0066 07       		.byte	0x7
 365 0067 D4010000 		.4byte	.LASF8
 366 006b 04       		.uleb128 0x4
 367 006c 5C020000 		.4byte	.LASF12
 368 0070 02       		.byte	0x2
 369 0071 9201     		.2byte	0x192
 370 0073 2C000000 		.4byte	0x2c
 371 0077 02       		.uleb128 0x2
 372 0078 04       		.byte	0x4
 373 0079 04       		.byte	0x4
 374 007a AE000000 		.4byte	.LASF9
ARM GAS  C:\Users\LAIR\AppData\Local\Temp\cci1G38e.s 			page 13


 375 007e 02       		.uleb128 0x2
 376 007f 08       		.byte	0x8
 377 0080 04       		.byte	0x4
 378 0081 39010000 		.4byte	.LASF10
 379 0085 02       		.uleb128 0x2
 380 0086 01       		.byte	0x1
 381 0087 08       		.byte	0x8
 382 0088 26020000 		.4byte	.LASF11
 383 008c 04       		.uleb128 0x4
 384 008d C2000000 		.4byte	.LASF13
 385 0091 02       		.byte	0x2
 386 0092 3C02     		.2byte	0x23c
 387 0094 98000000 		.4byte	0x98
 388 0098 05       		.uleb128 0x5
 389 0099 6B000000 		.4byte	0x6b
 390 009d 06       		.uleb128 0x6
 391 009e 01010000 		.4byte	.LASF14
 392 00a2 01       		.byte	0x1
 393 00a3 60       		.byte	0x60
 394 00a4 00000000 		.4byte	.LFB1
 395 00a8 1C000000 		.4byte	.LFE1-.LFB1
 396 00ac 01       		.uleb128 0x1
 397 00ad 9C       		.byte	0x9c
 398 00ae 06       		.uleb128 0x6
 399 00af 28010000 		.4byte	.LASF15
 400 00b3 01       		.byte	0x1
 401 00b4 A8       		.byte	0xa8
 402 00b5 00000000 		.4byte	.LFB3
 403 00b9 1C000000 		.4byte	.LFE3-.LFB3
 404 00bd 01       		.uleb128 0x1
 405 00be 9C       		.byte	0x9c
 406 00bf 07       		.uleb128 0x7
 407 00c0 F8010000 		.4byte	.LASF16
 408 00c4 01       		.byte	0x1
 409 00c5 CA       		.byte	0xca
 410 00c6 00000000 		.4byte	.LFB4
 411 00ca 1C000000 		.4byte	.LFE4-.LFB4
 412 00ce 01       		.uleb128 0x1
 413 00cf 9C       		.byte	0x9c
 414 00d0 E4000000 		.4byte	0xe4
 415 00d4 08       		.uleb128 0x8
 416 00d5 12020000 		.4byte	.LASF18
 417 00d9 01       		.byte	0x1
 418 00da CA       		.byte	0xca
 419 00db 6B000000 		.4byte	0x6b
 420 00df 00000000 		.4byte	.LLST0
 421 00e3 00       		.byte	0
 422 00e4 07       		.uleb128 0x7
 423 00e5 14000000 		.4byte	.LASF17
 424 00e9 01       		.byte	0x1
 425 00ea FE       		.byte	0xfe
 426 00eb 00000000 		.4byte	.LFB6
 427 00ef 0C000000 		.4byte	.LFE6-.LFB6
 428 00f3 01       		.uleb128 0x1
 429 00f4 9C       		.byte	0x9c
 430 00f5 07010000 		.4byte	0x107
 431 00f9 09       		.uleb128 0x9
ARM GAS  C:\Users\LAIR\AppData\Local\Temp\cci1G38e.s 			page 14


 432 00fa 3A000000 		.4byte	.LASF19
 433 00fe 01       		.byte	0x1
 434 00ff FE       		.byte	0xfe
 435 0100 6B000000 		.4byte	0x6b
 436 0104 01       		.uleb128 0x1
 437 0105 50       		.byte	0x50
 438 0106 00       		.byte	0
 439 0107 0A       		.uleb128 0xa
 440 0108 14010000 		.4byte	.LASF20
 441 010c 01       		.byte	0x1
 442 010d 2101     		.2byte	0x121
 443 010f 00000000 		.4byte	.LFB7
 444 0113 24000000 		.4byte	.LFE7-.LFB7
 445 0117 01       		.uleb128 0x1
 446 0118 9C       		.byte	0x9c
 447 0119 2E010000 		.4byte	0x12e
 448 011d 0B       		.uleb128 0xb
 449 011e 0D020000 		.4byte	.LASF28
 450 0122 01       		.byte	0x1
 451 0123 2301     		.2byte	0x123
 452 0125 6B000000 		.4byte	0x6b
 453 0129 21000000 		.4byte	.LLST1
 454 012d 00       		.byte	0
 455 012e 07       		.uleb128 0x7
 456 012f D9000000 		.4byte	.LASF21
 457 0133 01       		.byte	0x1
 458 0134 E4       		.byte	0xe4
 459 0135 00000000 		.4byte	.LFB5
 460 0139 20000000 		.4byte	.LFE5-.LFB5
 461 013d 01       		.uleb128 0x1
 462 013e 9C       		.byte	0x9c
 463 013f 5C010000 		.4byte	0x15c
 464 0143 08       		.uleb128 0x8
 465 0144 CE010000 		.4byte	.LASF22
 466 0148 01       		.byte	0x1
 467 0149 E4       		.byte	0xe4
 468 014a 6B000000 		.4byte	0x6b
 469 014e 58000000 		.4byte	.LLST2
 470 0152 0C       		.uleb128 0xc
 471 0153 1A000000 		.4byte	.LVL9
 472 0157 07010000 		.4byte	0x107
 473 015b 00       		.byte	0
 474 015c 07       		.uleb128 0x7
 475 015d 29000000 		.4byte	.LASF23
 476 0161 01       		.byte	0x1
 477 0162 37       		.byte	0x37
 478 0163 00000000 		.4byte	.LFB0
 479 0167 2C000000 		.4byte	.LFE0-.LFB0
 480 016b 01       		.uleb128 0x1
 481 016c 9C       		.byte	0x9c
 482 016d 94010000 		.4byte	0x194
 483 0171 0D       		.uleb128 0xd
 484 0172 1E000000 		.4byte	.LVL10
 485 0176 2E010000 		.4byte	0x12e
 486 017a 84010000 		.4byte	0x184
 487 017e 0E       		.uleb128 0xe
 488 017f 01       		.uleb128 0x1
ARM GAS  C:\Users\LAIR\AppData\Local\Temp\cci1G38e.s 			page 15


 489 0180 50       		.byte	0x50
 490 0181 01       		.uleb128 0x1
 491 0182 34       		.byte	0x34
 492 0183 00       		.byte	0
 493 0184 0F       		.uleb128 0xf
 494 0185 24000000 		.4byte	.LVL11
 495 0189 BF000000 		.4byte	0xbf
 496 018d 0E       		.uleb128 0xe
 497 018e 01       		.uleb128 0x1
 498 018f 50       		.byte	0x50
 499 0190 01       		.uleb128 0x1
 500 0191 32       		.byte	0x32
 501 0192 00       		.byte	0
 502 0193 00       		.byte	0
 503 0194 07       		.uleb128 0x7
 504 0195 9C000000 		.4byte	.LASF24
 505 0199 01       		.byte	0x1
 506 019a 85       		.byte	0x85
 507 019b 00000000 		.4byte	.LFB2
 508 019f 24000000 		.4byte	.LFE2-.LFB2
 509 01a3 01       		.uleb128 0x1
 510 01a4 9C       		.byte	0x9c
 511 01a5 CB010000 		.4byte	0x1cb
 512 01a9 0C       		.uleb128 0xc
 513 01aa 0C000000 		.4byte	.LVL12
 514 01ae 5C010000 		.4byte	0x15c
 515 01b2 0C       		.uleb128 0xc
 516 01b3 16000000 		.4byte	.LVL13
 517 01b7 9D000000 		.4byte	0x9d
 518 01bb 0F       		.uleb128 0xf
 519 01bc 1C000000 		.4byte	.LVL14
 520 01c0 E4000000 		.4byte	0xe4
 521 01c4 0E       		.uleb128 0xe
 522 01c5 01       		.uleb128 0x1
 523 01c6 50       		.byte	0x50
 524 01c7 01       		.uleb128 0x1
 525 01c8 49       		.byte	0x49
 526 01c9 00       		.byte	0
 527 01ca 00       		.byte	0
 528 01cb 10       		.uleb128 0x10
 529 01cc 00000000 		.4byte	.LASF29
 530 01d0 01       		.byte	0x1
 531 01d1 1B       		.byte	0x1b
 532 01d2 6B000000 		.4byte	0x6b
 533 01d6 05       		.uleb128 0x5
 534 01d7 03       		.byte	0x3
 535 01d8 00000000 		.4byte	DVDAC_VDAC8_initVar
 536 01dc 00       		.byte	0
 537              		.section	.debug_abbrev,"",%progbits
 538              	.Ldebug_abbrev0:
 539 0000 01       		.uleb128 0x1
 540 0001 11       		.uleb128 0x11
 541 0002 01       		.byte	0x1
 542 0003 25       		.uleb128 0x25
 543 0004 0E       		.uleb128 0xe
 544 0005 13       		.uleb128 0x13
 545 0006 0B       		.uleb128 0xb
ARM GAS  C:\Users\LAIR\AppData\Local\Temp\cci1G38e.s 			page 16


 546 0007 03       		.uleb128 0x3
 547 0008 0E       		.uleb128 0xe
 548 0009 1B       		.uleb128 0x1b
 549 000a 0E       		.uleb128 0xe
 550 000b 55       		.uleb128 0x55
 551 000c 17       		.uleb128 0x17
 552 000d 11       		.uleb128 0x11
 553 000e 01       		.uleb128 0x1
 554 000f 10       		.uleb128 0x10
 555 0010 17       		.uleb128 0x17
 556 0011 00       		.byte	0
 557 0012 00       		.byte	0
 558 0013 02       		.uleb128 0x2
 559 0014 24       		.uleb128 0x24
 560 0015 00       		.byte	0
 561 0016 0B       		.uleb128 0xb
 562 0017 0B       		.uleb128 0xb
 563 0018 3E       		.uleb128 0x3e
 564 0019 0B       		.uleb128 0xb
 565 001a 03       		.uleb128 0x3
 566 001b 0E       		.uleb128 0xe
 567 001c 00       		.byte	0
 568 001d 00       		.byte	0
 569 001e 03       		.uleb128 0x3
 570 001f 24       		.uleb128 0x24
 571 0020 00       		.byte	0
 572 0021 0B       		.uleb128 0xb
 573 0022 0B       		.uleb128 0xb
 574 0023 3E       		.uleb128 0x3e
 575 0024 0B       		.uleb128 0xb
 576 0025 03       		.uleb128 0x3
 577 0026 08       		.uleb128 0x8
 578 0027 00       		.byte	0
 579 0028 00       		.byte	0
 580 0029 04       		.uleb128 0x4
 581 002a 16       		.uleb128 0x16
 582 002b 00       		.byte	0
 583 002c 03       		.uleb128 0x3
 584 002d 0E       		.uleb128 0xe
 585 002e 3A       		.uleb128 0x3a
 586 002f 0B       		.uleb128 0xb
 587 0030 3B       		.uleb128 0x3b
 588 0031 05       		.uleb128 0x5
 589 0032 49       		.uleb128 0x49
 590 0033 13       		.uleb128 0x13
 591 0034 00       		.byte	0
 592 0035 00       		.byte	0
 593 0036 05       		.uleb128 0x5
 594 0037 35       		.uleb128 0x35
 595 0038 00       		.byte	0
 596 0039 49       		.uleb128 0x49
 597 003a 13       		.uleb128 0x13
 598 003b 00       		.byte	0
 599 003c 00       		.byte	0
 600 003d 06       		.uleb128 0x6
 601 003e 2E       		.uleb128 0x2e
 602 003f 00       		.byte	0
ARM GAS  C:\Users\LAIR\AppData\Local\Temp\cci1G38e.s 			page 17


 603 0040 3F       		.uleb128 0x3f
 604 0041 19       		.uleb128 0x19
 605 0042 03       		.uleb128 0x3
 606 0043 0E       		.uleb128 0xe
 607 0044 3A       		.uleb128 0x3a
 608 0045 0B       		.uleb128 0xb
 609 0046 3B       		.uleb128 0x3b
 610 0047 0B       		.uleb128 0xb
 611 0048 27       		.uleb128 0x27
 612 0049 19       		.uleb128 0x19
 613 004a 11       		.uleb128 0x11
 614 004b 01       		.uleb128 0x1
 615 004c 12       		.uleb128 0x12
 616 004d 06       		.uleb128 0x6
 617 004e 40       		.uleb128 0x40
 618 004f 18       		.uleb128 0x18
 619 0050 9742     		.uleb128 0x2117
 620 0052 19       		.uleb128 0x19
 621 0053 00       		.byte	0
 622 0054 00       		.byte	0
 623 0055 07       		.uleb128 0x7
 624 0056 2E       		.uleb128 0x2e
 625 0057 01       		.byte	0x1
 626 0058 3F       		.uleb128 0x3f
 627 0059 19       		.uleb128 0x19
 628 005a 03       		.uleb128 0x3
 629 005b 0E       		.uleb128 0xe
 630 005c 3A       		.uleb128 0x3a
 631 005d 0B       		.uleb128 0xb
 632 005e 3B       		.uleb128 0x3b
 633 005f 0B       		.uleb128 0xb
 634 0060 27       		.uleb128 0x27
 635 0061 19       		.uleb128 0x19
 636 0062 11       		.uleb128 0x11
 637 0063 01       		.uleb128 0x1
 638 0064 12       		.uleb128 0x12
 639 0065 06       		.uleb128 0x6
 640 0066 40       		.uleb128 0x40
 641 0067 18       		.uleb128 0x18
 642 0068 9742     		.uleb128 0x2117
 643 006a 19       		.uleb128 0x19
 644 006b 01       		.uleb128 0x1
 645 006c 13       		.uleb128 0x13
 646 006d 00       		.byte	0
 647 006e 00       		.byte	0
 648 006f 08       		.uleb128 0x8
 649 0070 05       		.uleb128 0x5
 650 0071 00       		.byte	0
 651 0072 03       		.uleb128 0x3
 652 0073 0E       		.uleb128 0xe
 653 0074 3A       		.uleb128 0x3a
 654 0075 0B       		.uleb128 0xb
 655 0076 3B       		.uleb128 0x3b
 656 0077 0B       		.uleb128 0xb
 657 0078 49       		.uleb128 0x49
 658 0079 13       		.uleb128 0x13
 659 007a 02       		.uleb128 0x2
ARM GAS  C:\Users\LAIR\AppData\Local\Temp\cci1G38e.s 			page 18


 660 007b 17       		.uleb128 0x17
 661 007c 00       		.byte	0
 662 007d 00       		.byte	0
 663 007e 09       		.uleb128 0x9
 664 007f 05       		.uleb128 0x5
 665 0080 00       		.byte	0
 666 0081 03       		.uleb128 0x3
 667 0082 0E       		.uleb128 0xe
 668 0083 3A       		.uleb128 0x3a
 669 0084 0B       		.uleb128 0xb
 670 0085 3B       		.uleb128 0x3b
 671 0086 0B       		.uleb128 0xb
 672 0087 49       		.uleb128 0x49
 673 0088 13       		.uleb128 0x13
 674 0089 02       		.uleb128 0x2
 675 008a 18       		.uleb128 0x18
 676 008b 00       		.byte	0
 677 008c 00       		.byte	0
 678 008d 0A       		.uleb128 0xa
 679 008e 2E       		.uleb128 0x2e
 680 008f 01       		.byte	0x1
 681 0090 3F       		.uleb128 0x3f
 682 0091 19       		.uleb128 0x19
 683 0092 03       		.uleb128 0x3
 684 0093 0E       		.uleb128 0xe
 685 0094 3A       		.uleb128 0x3a
 686 0095 0B       		.uleb128 0xb
 687 0096 3B       		.uleb128 0x3b
 688 0097 05       		.uleb128 0x5
 689 0098 27       		.uleb128 0x27
 690 0099 19       		.uleb128 0x19
 691 009a 11       		.uleb128 0x11
 692 009b 01       		.uleb128 0x1
 693 009c 12       		.uleb128 0x12
 694 009d 06       		.uleb128 0x6
 695 009e 40       		.uleb128 0x40
 696 009f 18       		.uleb128 0x18
 697 00a0 9742     		.uleb128 0x2117
 698 00a2 19       		.uleb128 0x19
 699 00a3 01       		.uleb128 0x1
 700 00a4 13       		.uleb128 0x13
 701 00a5 00       		.byte	0
 702 00a6 00       		.byte	0
 703 00a7 0B       		.uleb128 0xb
 704 00a8 34       		.uleb128 0x34
 705 00a9 00       		.byte	0
 706 00aa 03       		.uleb128 0x3
 707 00ab 0E       		.uleb128 0xe
 708 00ac 3A       		.uleb128 0x3a
 709 00ad 0B       		.uleb128 0xb
 710 00ae 3B       		.uleb128 0x3b
 711 00af 05       		.uleb128 0x5
 712 00b0 49       		.uleb128 0x49
 713 00b1 13       		.uleb128 0x13
 714 00b2 02       		.uleb128 0x2
 715 00b3 17       		.uleb128 0x17
 716 00b4 00       		.byte	0
ARM GAS  C:\Users\LAIR\AppData\Local\Temp\cci1G38e.s 			page 19


 717 00b5 00       		.byte	0
 718 00b6 0C       		.uleb128 0xc
 719 00b7 898201   		.uleb128 0x4109
 720 00ba 00       		.byte	0
 721 00bb 11       		.uleb128 0x11
 722 00bc 01       		.uleb128 0x1
 723 00bd 31       		.uleb128 0x31
 724 00be 13       		.uleb128 0x13
 725 00bf 00       		.byte	0
 726 00c0 00       		.byte	0
 727 00c1 0D       		.uleb128 0xd
 728 00c2 898201   		.uleb128 0x4109
 729 00c5 01       		.byte	0x1
 730 00c6 11       		.uleb128 0x11
 731 00c7 01       		.uleb128 0x1
 732 00c8 31       		.uleb128 0x31
 733 00c9 13       		.uleb128 0x13
 734 00ca 01       		.uleb128 0x1
 735 00cb 13       		.uleb128 0x13
 736 00cc 00       		.byte	0
 737 00cd 00       		.byte	0
 738 00ce 0E       		.uleb128 0xe
 739 00cf 8A8201   		.uleb128 0x410a
 740 00d2 00       		.byte	0
 741 00d3 02       		.uleb128 0x2
 742 00d4 18       		.uleb128 0x18
 743 00d5 9142     		.uleb128 0x2111
 744 00d7 18       		.uleb128 0x18
 745 00d8 00       		.byte	0
 746 00d9 00       		.byte	0
 747 00da 0F       		.uleb128 0xf
 748 00db 898201   		.uleb128 0x4109
 749 00de 01       		.byte	0x1
 750 00df 11       		.uleb128 0x11
 751 00e0 01       		.uleb128 0x1
 752 00e1 31       		.uleb128 0x31
 753 00e2 13       		.uleb128 0x13
 754 00e3 00       		.byte	0
 755 00e4 00       		.byte	0
 756 00e5 10       		.uleb128 0x10
 757 00e6 34       		.uleb128 0x34
 758 00e7 00       		.byte	0
 759 00e8 03       		.uleb128 0x3
 760 00e9 0E       		.uleb128 0xe
 761 00ea 3A       		.uleb128 0x3a
 762 00eb 0B       		.uleb128 0xb
 763 00ec 3B       		.uleb128 0x3b
 764 00ed 0B       		.uleb128 0xb
 765 00ee 49       		.uleb128 0x49
 766 00ef 13       		.uleb128 0x13
 767 00f0 3F       		.uleb128 0x3f
 768 00f1 19       		.uleb128 0x19
 769 00f2 02       		.uleb128 0x2
 770 00f3 18       		.uleb128 0x18
 771 00f4 00       		.byte	0
 772 00f5 00       		.byte	0
 773 00f6 00       		.byte	0
ARM GAS  C:\Users\LAIR\AppData\Local\Temp\cci1G38e.s 			page 20


 774              		.section	.debug_loc,"",%progbits
 775              	.Ldebug_loc0:
 776              	.LLST0:
 777 0000 00000000 		.4byte	.LVL0
 778 0004 10000000 		.4byte	.LVL1
 779 0008 0100     		.2byte	0x1
 780 000a 50       		.byte	0x50
 781 000b 10000000 		.4byte	.LVL1
 782 000f 1C000000 		.4byte	.LFE4
 783 0013 0400     		.2byte	0x4
 784 0015 F3       		.byte	0xf3
 785 0016 01       		.uleb128 0x1
 786 0017 50       		.byte	0x50
 787 0018 9F       		.byte	0x9f
 788 0019 00000000 		.4byte	0
 789 001d 00000000 		.4byte	0
 790              	.LLST1:
 791 0021 08000000 		.4byte	.LVL3
 792 0025 0C000000 		.4byte	.LVL4
 793 0029 0300     		.2byte	0x3
 794 002b 73       		.byte	0x73
 795 002c 06       		.sleb128 6
 796 002d 9F       		.byte	0x9f
 797 002e 0C000000 		.4byte	.LVL4
 798 0032 0E000000 		.4byte	.LVL5
 799 0036 0700     		.2byte	0x7
 800 0038 73       		.byte	0x73
 801 0039 868080B8 		.sleb128 -1224736762
 801      7B
 802 003e 9F       		.byte	0x9f
 803 003f 0E000000 		.4byte	.LVL5
 804 0043 12000000 		.4byte	.LVL6
 805 0047 0700     		.2byte	0x7
 806 0049 73       		.byte	0x73
 807 004a 808080B8 		.sleb128 -1224736768
 807      7B
 808 004f 9F       		.byte	0x9f
 809 0050 00000000 		.4byte	0
 810 0054 00000000 		.4byte	0
 811              	.LLST2:
 812 0058 00000000 		.4byte	.LVL7
 813 005c 12000000 		.4byte	.LVL8
 814 0060 0100     		.2byte	0x1
 815 0062 50       		.byte	0x50
 816 0063 12000000 		.4byte	.LVL8
 817 0067 20000000 		.4byte	.LFE5
 818 006b 0400     		.2byte	0x4
 819 006d F3       		.byte	0xf3
 820 006e 01       		.uleb128 0x1
 821 006f 50       		.byte	0x50
 822 0070 9F       		.byte	0x9f
 823 0071 00000000 		.4byte	0
 824 0075 00000000 		.4byte	0
 825              		.section	.debug_aranges,"",%progbits
 826 0000 54000000 		.4byte	0x54
 827 0004 0200     		.2byte	0x2
 828 0006 00000000 		.4byte	.Ldebug_info0
ARM GAS  C:\Users\LAIR\AppData\Local\Temp\cci1G38e.s 			page 21


 829 000a 04       		.byte	0x4
 830 000b 00       		.byte	0
 831 000c 0000     		.2byte	0
 832 000e 0000     		.2byte	0
 833 0010 00000000 		.4byte	.LFB1
 834 0014 1C000000 		.4byte	.LFE1-.LFB1
 835 0018 00000000 		.4byte	.LFB3
 836 001c 1C000000 		.4byte	.LFE3-.LFB3
 837 0020 00000000 		.4byte	.LFB4
 838 0024 1C000000 		.4byte	.LFE4-.LFB4
 839 0028 00000000 		.4byte	.LFB6
 840 002c 0C000000 		.4byte	.LFE6-.LFB6
 841 0030 00000000 		.4byte	.LFB7
 842 0034 24000000 		.4byte	.LFE7-.LFB7
 843 0038 00000000 		.4byte	.LFB5
 844 003c 20000000 		.4byte	.LFE5-.LFB5
 845 0040 00000000 		.4byte	.LFB0
 846 0044 2C000000 		.4byte	.LFE0-.LFB0
 847 0048 00000000 		.4byte	.LFB2
 848 004c 24000000 		.4byte	.LFE2-.LFB2
 849 0050 00000000 		.4byte	0
 850 0054 00000000 		.4byte	0
 851              		.section	.debug_ranges,"",%progbits
 852              	.Ldebug_ranges0:
 853 0000 00000000 		.4byte	.LFB1
 854 0004 1C000000 		.4byte	.LFE1
 855 0008 00000000 		.4byte	.LFB3
 856 000c 1C000000 		.4byte	.LFE3
 857 0010 00000000 		.4byte	.LFB4
 858 0014 1C000000 		.4byte	.LFE4
 859 0018 00000000 		.4byte	.LFB6
 860 001c 0C000000 		.4byte	.LFE6
 861 0020 00000000 		.4byte	.LFB7
 862 0024 24000000 		.4byte	.LFE7
 863 0028 00000000 		.4byte	.LFB5
 864 002c 20000000 		.4byte	.LFE5
 865 0030 00000000 		.4byte	.LFB0
 866 0034 2C000000 		.4byte	.LFE0
 867 0038 00000000 		.4byte	.LFB2
 868 003c 24000000 		.4byte	.LFE2
 869 0040 00000000 		.4byte	0
 870 0044 00000000 		.4byte	0
 871              		.section	.debug_line,"",%progbits
 872              	.Ldebug_line0:
 873 0000 E5000000 		.section	.debug_str,"MS",%progbits,1
 873      02004A00 
 873      00000201 
 873      FB0E0D00 
 873      01010101 
 874              	.LASF29:
 875 0000 44564441 		.ascii	"DVDAC_VDAC8_initVar\000"
 875      435F5644 
 875      4143385F 
 875      696E6974 
 875      56617200 
 876              	.LASF17:
 877 0014 44564441 		.ascii	"DVDAC_VDAC8_SetValue\000"
ARM GAS  C:\Users\LAIR\AppData\Local\Temp\cci1G38e.s 			page 22


 877      435F5644 
 877      4143385F 
 877      53657456 
 877      616C7565 
 878              	.LASF23:
 879 0029 44564441 		.ascii	"DVDAC_VDAC8_Init\000"
 879      435F5644 
 879      4143385F 
 879      496E6974 
 879      00
 880              	.LASF19:
 881 003a 76616C75 		.ascii	"value\000"
 881      6500
 882              	.LASF27:
 883 0040 433A5C55 		.ascii	"C:\\Users\\LAIR\\Documents\\GitHub\\Golfcart\\PSOC_"
 883      73657273 
 883      5C4C4149 
 883      525C446F 
 883      63756D65 
 884 006d 50524F47 		.ascii	"PROGRAMS\\PSoC5\\Roadrunner Control System.cydsn\000"
 884      52414D53 
 884      5C50536F 
 884      43355C52 
 884      6F616472 
 885              	.LASF24:
 886 009c 44564441 		.ascii	"DVDAC_VDAC8_Start\000"
 886      435F5644 
 886      4143385F 
 886      53746172 
 886      7400
 887              	.LASF9:
 888 00ae 666C6F61 		.ascii	"float\000"
 888      7400
 889              	.LASF1:
 890 00b4 756E7369 		.ascii	"unsigned char\000"
 890      676E6564 
 890      20636861 
 890      7200
 891              	.LASF13:
 892 00c2 72656738 		.ascii	"reg8\000"
 892      00
 893              	.LASF5:
 894 00c7 6C6F6E67 		.ascii	"long unsigned int\000"
 894      20756E73 
 894      69676E65 
 894      6420696E 
 894      7400
 895              	.LASF21:
 896 00d9 44564441 		.ascii	"DVDAC_VDAC8_SetRange\000"
 896      435F5644 
 896      4143385F 
 896      53657452 
 896      616E6765 
 897              	.LASF3:
 898 00ee 73686F72 		.ascii	"short unsigned int\000"
 898      7420756E 
 898      7369676E 
ARM GAS  C:\Users\LAIR\AppData\Local\Temp\cci1G38e.s 			page 23


 898      65642069 
 898      6E7400
 899              	.LASF14:
 900 0101 44564441 		.ascii	"DVDAC_VDAC8_Enable\000"
 900      435F5644 
 900      4143385F 
 900      456E6162 
 900      6C6500
 901              	.LASF20:
 902 0114 44564441 		.ascii	"DVDAC_VDAC8_DacTrim\000"
 902      435F5644 
 902      4143385F 
 902      44616354 
 902      72696D00 
 903              	.LASF15:
 904 0128 44564441 		.ascii	"DVDAC_VDAC8_Stop\000"
 904      435F5644 
 904      4143385F 
 904      53746F70 
 904      00
 905              	.LASF10:
 906 0139 646F7562 		.ascii	"double\000"
 906      6C6500
 907              	.LASF25:
 908 0140 474E5520 		.ascii	"GNU C 4.9.3 20150303 (release) [ARM/embedded-4_9-br"
 908      4320342E 
 908      392E3320 
 908      32303135 
 908      30333033 
 909 0173 616E6368 		.ascii	"anch revision 221220] -mcpu=cortex-m3 -mthumb -g -O"
 909      20726576 
 909      6973696F 
 909      6E203232 
 909      31323230 
 910 01a6 67202D66 		.ascii	"g -ffunction-sections -ffat-lto-objects\000"
 910      66756E63 
 910      74696F6E 
 910      2D736563 
 910      74696F6E 
 911              	.LASF22:
 912 01ce 72616E67 		.ascii	"range\000"
 912      6500
 913              	.LASF8:
 914 01d4 756E7369 		.ascii	"unsigned int\000"
 914      676E6564 
 914      20696E74 
 914      00
 915              	.LASF7:
 916 01e1 6C6F6E67 		.ascii	"long long unsigned int\000"
 916      206C6F6E 
 916      6720756E 
 916      7369676E 
 916      65642069 
 917              	.LASF16:
 918 01f8 44564441 		.ascii	"DVDAC_VDAC8_SetSpeed\000"
 918      435F5644 
 918      4143385F 
ARM GAS  C:\Users\LAIR\AppData\Local\Temp\cci1G38e.s 			page 24


 918      53657453 
 918      70656564 
 919              	.LASF28:
 920 020d 6D6F6465 		.ascii	"mode\000"
 920      00
 921              	.LASF18:
 922 0212 73706565 		.ascii	"speed\000"
 922      6400
 923              	.LASF6:
 924 0218 6C6F6E67 		.ascii	"long long int\000"
 924      206C6F6E 
 924      6720696E 
 924      7400
 925              	.LASF11:
 926 0226 63686172 		.ascii	"char\000"
 926      00
 927              	.LASF26:
 928 022b 2E5C4765 		.ascii	".\\Generated_Source\\PSoC5\\DVDAC_VDAC8.c\000"
 928      6E657261 
 928      7465645F 
 928      536F7572 
 928      63655C50 
 929              	.LASF2:
 930 0252 73686F72 		.ascii	"short int\000"
 930      7420696E 
 930      7400
 931              	.LASF12:
 932 025c 75696E74 		.ascii	"uint8\000"
 932      3800
 933              	.LASF4:
 934 0262 6C6F6E67 		.ascii	"long int\000"
 934      20696E74 
 934      00
 935              	.LASF0:
 936 026b 7369676E 		.ascii	"signed char\000"
 936      65642063 
 936      68617200 
 937              		.ident	"GCC: (GNU Tools for ARM Embedded Processors) 4.9.3 20150303 (release) [ARM/embedded-4_9-br
